id;description
id_1;First Identifier
id_3;Third Identifier